[2026-06-24 12:27:35] === Início do lote (73 grafos) ===
[2026-06-24 12:27:35] [1/73] Iniciando: C1000-9_clean.mtx

[2026-06-24 14:05:05] ✗ Falha (exit 143): C1000-9_clean.mtx
[2026-06-24 14:05:05] [2/73] Iniciando: C125-9_clean.mtx
125
[2026-06-24 14:20:08] ✓ Sucesso: C125-9_clean.mtx
[2026-06-24 14:20:08] [3/73] Iniciando: C2000-5_clean.mtx

[2026-06-24 14:42:55] ✗ Falha (exit 143): C2000-5_clean.mtx
[2026-06-24 14:42:55] [4/73] Iniciando: C2000-9_clean.mtx

[2026-06-24 14:43:53] ✗ Falha (exit 137): C2000-9_clean.mtx
[2026-06-24 14:43:53] [5/73] Iniciando: C250-9_clean.mtx
[2026-06-25 13:46:24] === Início do lote (73 grafos) ===
[2026-06-25 13:46:24] [1/73] Iniciando: C1000-9_clean.mtx
2000
[2026-06-25 14:01:29] ✓ Sucesso: C1000-9_clean.mtx — apagando arquivo
[2026-06-25 14:01:29] [2/73] Iniciando: C125-9_clean.mtx
125
[2026-06-25 14:16:42] ✓ Sucesso: C125-9_clean.mtx — apagando arquivo
[2026-06-25 14:16:42] [3/73] Iniciando: C2000-5_clean.mtx
4000
[2026-06-25 14:31:56] ✓ Sucesso: C2000-5_clean.mtx — apagando arquivo
[2026-06-25 14:31:56] [4/73] Iniciando: C2000-9_clean.mtx
4000
[2026-06-25 14:47:41] ✓ Sucesso: C2000-9_clean.mtx — apagando arquivo
[2026-06-25 14:47:41] [5/73] Iniciando: C250-9_clean.mtx
250
[2026-06-25 15:02:41] ✓ Sucesso: C250-9_clean.mtx — apagando arquivo
[2026-06-25 15:02:41] [6/73] Iniciando: C4000-5_clean.mtx
8000
[2026-06-25 15:19:08] ✓ Sucesso: C4000-5_clean.mtx — apagando arquivo
[2026-06-25 15:19:08] [7/73] Iniciando: C500-9_clean.mtx
500
[2026-06-25 15:34:09] ✓ Sucesso: C500-9_clean.mtx — apagando arquivo
[2026-06-25 15:34:09] [8/73] Iniciando: MANN-a27_clean.mtx
378
[2026-06-25 15:49:09] ✓ Sucesso: MANN-a27_clean.mtx — apagando arquivo
[2026-06-25 15:49:09] [9/73] Iniciando: MANN-a45_clean.mtx
2070
[2026-06-25 16:04:11] ✓ Sucesso: MANN-a45_clean.mtx — apagando arquivo
[2026-06-25 16:04:11] [10/73] Iniciando: MANN-a9_clean.mtx
38
[2026-06-25 16:04:22] ✓ Sucesso: MANN-a9_clean.mtx — apagando arquivo
[2026-06-25 16:04:22] [11/73] Iniciando: brock200-1_clean.mtx
200
[2026-06-25 16:19:23] ✓ Sucesso: brock200-1_clean.mtx — apagando arquivo
[2026-06-25 16:19:23] [12/73] Iniciando: brock200-2_clean.mtx
200
[2026-06-25 16:34:23] ✓ Sucesso: brock200-2_clean.mtx — apagando arquivo
[2026-06-25 16:34:23] [13/73] Iniciando: brock200-3_clean.mtx
200
[2026-06-25 16:49:23] ✓ Sucesso: brock200-3_clean.mtx — apagando arquivo
[2026-06-25 16:49:23] [14/73] Iniciando: brock200-4_clean.mtx
200
[2026-06-25 17:04:23] ✓ Sucesso: brock200-4_clean.mtx — apagando arquivo
[2026-06-25 17:04:23] [15/73] Iniciando: brock400-1_clean.mtx
400
[2026-06-25 17:19:23] ✓ Sucesso: brock400-1_clean.mtx — apagando arquivo
[2026-06-25 17:19:23] [16/73] Iniciando: brock400-2_clean.mtx
400
[2026-06-25 17:34:23] ✓ Sucesso: brock400-2_clean.mtx — apagando arquivo
[2026-06-25 17:34:23] [17/73] Iniciando: brock400-3_clean.mtx
400
[2026-06-25 17:49:24] ✓ Sucesso: brock400-3_clean.mtx — apagando arquivo
[2026-06-25 17:49:24] [18/73] Iniciando: brock400-4_clean.mtx
400
[2026-06-25 18:04:24] ✓ Sucesso: brock400-4_clean.mtx — apagando arquivo
[2026-06-25 18:04:24] [19/73] Iniciando: brock800-1_clean.mtx
1600
[2026-06-25 18:19:24] ✓ Sucesso: brock800-1_clean.mtx — apagando arquivo
[2026-06-25 18:19:24] [20/73] Iniciando: brock800-2_clean.mtx
1600
[2026-06-25 18:34:25] ✓ Sucesso: brock800-2_clean.mtx — apagando arquivo
[2026-06-25 18:34:25] [21/73] Iniciando: brock800-3_clean.mtx
1600
[2026-06-25 18:49:25] ✓ Sucesso: brock800-3_clean.mtx — apagando arquivo
[2026-06-25 18:49:25] [22/73] Iniciando: brock800-4_clean.mtx
1600
[2026-06-25 19:04:26] ✓ Sucesso: brock800-4_clean.mtx — apagando arquivo
[2026-06-25 19:04:26] [23/73] Iniciando: c-fat200-1_clean.mtx
200
[2026-06-25 19:06:08] ✓ Sucesso: c-fat200-1_clean.mtx — apagando arquivo
[2026-06-25 19:06:08] [24/73] Iniciando: c-fat200-2_clean.mtx
200
[2026-06-25 19:13:29] ✓ Sucesso: c-fat200-2_clean.mtx — apagando arquivo
[2026-06-25 19:13:29] [25/73] Iniciando: c-fat200-5_clean.mtx
200
[2026-06-25 19:28:29] ✓ Sucesso: c-fat200-5_clean.mtx — apagando arquivo
[2026-06-25 19:28:29] [26/73] Iniciando: c-fat500-10_clean.mtx
500
[2026-06-25 19:43:29] ✓ Sucesso: c-fat500-10_clean.mtx — apagando arquivo
[2026-06-25 19:43:29] [27/73] Iniciando: c-fat500-1_clean.mtx
444
[2026-06-25 19:57:19] ✓ Sucesso: c-fat500-1_clean.mtx — apagando arquivo
[2026-06-25 19:57:19] [28/73] Iniciando: c-fat500-2_clean.mtx
468
[2026-06-25 20:12:19] ✓ Sucesso: c-fat500-2_clean.mtx — apagando arquivo
[2026-06-25 20:12:19] [29/73] Iniciando: c-fat500-5_clean.mtx
494
[2026-06-25 20:27:20] ✓ Sucesso: c-fat500-5_clean.mtx — apagando arquivo
[2026-06-25 20:27:20] [30/73] Iniciando: gen200-p0-9-44_clean.mtx
200
[2026-06-25 20:42:20] ✓ Sucesso: gen200-p0-9-44_clean.mtx — apagando arquivo
[2026-06-25 20:42:20] [31/73] Iniciando: gen200-p0-9-55_clean.mtx
200
[2026-06-25 20:57:20] ✓ Sucesso: gen200-p0-9-55_clean.mtx — apagando arquivo
[2026-06-25 20:57:20] [32/73] Iniciando: gen400-p0-9-55_clean.mtx
400
[2026-06-25 21:12:20] ✓ Sucesso: gen400-p0-9-55_clean.mtx — apagando arquivo
[2026-06-25 21:12:20] [33/73] Iniciando: gen400-p0-9-65_clean.mtx
400
[2026-06-25 21:27:20] ✓ Sucesso: gen400-p0-9-65_clean.mtx — apagando arquivo
[2026-06-25 21:27:20] [34/73] Iniciando: gen400-p0-9-75_clean.mtx
400
[2026-06-25 21:42:21] ✓ Sucesso: gen400-p0-9-75_clean.mtx — apagando arquivo
[2026-06-25 21:42:21] [35/73] Iniciando: hamming10-2_clean.mtx
2048
[2026-06-25 21:57:27] ✓ Sucesso: hamming10-2_clean.mtx — apagando arquivo
[2026-06-25 21:57:27] [36/73] Iniciando: hamming10-4_clean.mtx
2048
[2026-06-25 22:12:28] ✓ Sucesso: hamming10-4_clean.mtx — apagando arquivo
[2026-06-25 22:12:28] [37/73] Iniciando: hamming6-2_clean.mtx
53
[2026-06-25 22:13:06] ✓ Sucesso: hamming6-2_clean.mtx — apagando arquivo
[2026-06-25 22:13:06] [38/73] Iniciando: hamming6-4_clean.mtx
54
[2026-06-25 22:13:12] ✓ Sucesso: hamming6-4_clean.mtx — apagando arquivo
[2026-06-25 22:13:12] [39/73] Iniciando: hamming8-2_clean.mtx
256
[2026-06-25 22:28:12] ✓ Sucesso: hamming8-2_clean.mtx — apagando arquivo
[2026-06-25 22:28:12] [40/73] Iniciando: hamming8-4_clean.mtx
256
[2026-06-25 22:43:12] ✓ Sucesso: hamming8-4_clean.mtx — apagando arquivo
[2026-06-25 22:43:12] [41/73] Iniciando: johnson16-2-4_clean.mtx
120
[2026-06-25 22:58:12] ✓ Sucesso: johnson16-2-4_clean.mtx — apagando arquivo
[2026-06-25 22:58:12] [42/73] Iniciando: johnson32-2-4_clean.mtx
496
[2026-06-25 23:13:12] ✓ Sucesso: johnson32-2-4_clean.mtx — apagando arquivo
[2026-06-25 23:13:12] [43/73] Iniciando: johnson8-2-4_clean.mtx
24
[2026-06-25 23:13:13] ✓ Sucesso: johnson8-2-4_clean.mtx — apagando arquivo
[2026-06-25 23:13:13] [44/73] Iniciando: johnson8-4-4_clean.mtx
58
[2026-06-25 23:13:52] ✓ Sucesso: johnson8-4-4_clean.mtx — apagando arquivo
[2026-06-25 23:13:52] [45/73] Iniciando: keller4_clean.mtx
170
[2026-06-25 23:28:52] ✓ Sucesso: keller4_clean.mtx — apagando arquivo
[2026-06-25 23:28:52] [46/73] Iniciando: keller5_clean.mtx
1552
[2026-06-25 23:43:52] ✓ Sucesso: keller5_clean.mtx — apagando arquivo
[2026-06-25 23:43:52] [47/73] Iniciando: keller6_clean.mtx
6722
[2026-06-25 23:59:28] ✓ Sucesso: keller6_clean.mtx — apagando arquivo
[2026-06-25 23:59:28] [48/73] Iniciando: p-hat1000-1_clean.mtx
1000
[2026-06-26 00:14:28] ✓ Sucesso: p-hat1000-1_clean.mtx — apagando arquivo
[2026-06-26 00:14:28] [49/73] Iniciando: p-hat1000-2_clean.mtx
2000
[2026-06-26 00:29:30] ✓ Sucesso: p-hat1000-2_clean.mtx — apagando arquivo
[2026-06-26 00:29:30] [50/73] Iniciando: p-hat1500-1_clean.mtx
3000
[2026-06-26 00:44:31] ✓ Sucesso: p-hat1500-1_clean.mtx — apagando arquivo
[2026-06-26 00:44:31] [51/73] Iniciando: p-hat1500-2_clean.mtx
3000
[2026-06-26 00:59:34] ✓ Sucesso: p-hat1500-2_clean.mtx — apagando arquivo
[2026-06-26 00:59:34] [52/73] Iniciando: p-hat1500-3_clean.mtx
3000
[2026-06-26 01:14:41] ✓ Sucesso: p-hat1500-3_clean.mtx — apagando arquivo
[2026-06-26 01:14:41] [53/73] Iniciando: p-hat300-3_clean.mtx
300
[2026-06-26 01:29:41] ✓ Sucesso: p-hat300-3_clean.mtx — apagando arquivo
[2026-06-26 01:29:41] [54/73] Iniciando: p-hat500-2_clean.mtx
500
[2026-06-26 01:44:41] ✓ Sucesso: p-hat500-2_clean.mtx — apagando arquivo
[2026-06-26 01:44:41] [55/73] Iniciando: p-hat500-3_clean.mtx
500
[2026-06-26 01:59:42] ✓ Sucesso: p-hat500-3_clean.mtx — apagando arquivo
[2026-06-26 01:59:42] [56/73] Iniciando: p-hat700-1_clean.mtx
700
[2026-06-26 02:14:42] ✓ Sucesso: p-hat700-1_clean.mtx — apagando arquivo
[2026-06-26 02:14:42] [57/73] Iniciando: p-hat700-2_clean.mtx
700
[2026-06-26 02:29:42] ✓ Sucesso: p-hat700-2_clean.mtx — apagando arquivo
[2026-06-26 02:29:42] [58/73] Iniciando: p-hat700-3_clean.mtx
700
[2026-06-26 02:44:43] ✓ Sucesso: p-hat700-3_clean.mtx — apagando arquivo
[2026-06-26 02:44:43] [59/73] Iniciando: san1000_clean.mtx
2000
[2026-06-26 02:59:44] ✓ Sucesso: san1000_clean.mtx — apagando arquivo
[2026-06-26 02:59:44] [60/73] Iniciando: san200-0-7-1_clean.mtx
200
[2026-06-26 03:14:44] ✓ Sucesso: san200-0-7-1_clean.mtx — apagando arquivo
[2026-06-26 03:14:44] [61/73] Iniciando: san200-0-7-2_clean.mtx
200
[2026-06-26 03:29:44] ✓ Sucesso: san200-0-7-2_clean.mtx — apagando arquivo
[2026-06-26 03:29:44] [62/73] Iniciando: san200-0-9-1_clean.mtx
200
[2026-06-26 03:44:44] ✓ Sucesso: san200-0-9-1_clean.mtx — apagando arquivo
[2026-06-26 03:44:44] [63/73] Iniciando: san200-0-9-2_clean.mtx
200
[2026-06-26 03:59:45] ✓ Sucesso: san200-0-9-2_clean.mtx — apagando arquivo
[2026-06-26 03:59:45] [64/73] Iniciando: san200-0-9-3_clean.mtx
200
[2026-06-26 04:14:45] ✓ Sucesso: san200-0-9-3_clean.mtx — apagando arquivo
[2026-06-26 04:14:45] [65/73] Iniciando: san400-0-5-1_clean.mtx
400
[2026-06-26 04:29:45] ✓ Sucesso: san400-0-5-1_clean.mtx — apagando arquivo
[2026-06-26 04:29:45] [66/73] Iniciando: san400-0-7-1_clean.mtx
400
[2026-06-26 04:44:45] ✓ Sucesso: san400-0-7-1_clean.mtx — apagando arquivo
[2026-06-26 04:44:45] [67/73] Iniciando: san400-0-7-2_clean.mtx
400
[2026-06-26 04:59:45] ✓ Sucesso: san400-0-7-2_clean.mtx — apagando arquivo
[2026-06-26 04:59:45] [68/73] Iniciando: san400-0-7-3_clean.mtx
400
[2026-06-26 05:14:45] ✓ Sucesso: san400-0-7-3_clean.mtx — apagando arquivo
[2026-06-26 05:14:45] [69/73] Iniciando: san400-0-9-1_clean.mtx
400
[2026-06-26 05:29:45] ✓ Sucesso: san400-0-9-1_clean.mtx — apagando arquivo
[2026-06-26 05:29:45] [70/73] Iniciando: sanr200-0-7_clean.mtx
200
[2026-06-26 05:44:45] ✓ Sucesso: sanr200-0-7_clean.mtx — apagando arquivo
[2026-06-26 05:44:45] [71/73] Iniciando: sanr200-0-9_clean.mtx
200
[2026-06-26 05:59:46] ✓ Sucesso: sanr200-0-9_clean.mtx — apagando arquivo
[2026-06-26 05:59:46] [72/73] Iniciando: sanr400-0-5_clean.mtx
400
[2026-06-26 06:14:46] ✓ Sucesso: sanr400-0-5_clean.mtx — apagando arquivo
[2026-06-26 06:14:46] [73/73] Iniciando: sanr400-0-7_clean.mtx
400
[2026-06-26 06:29:46] ✓ Sucesso: sanr400-0-7_clean.mtx — apagando arquivo
[2026-06-26 06:29:46] === Fim do lote — sucesso: 73 | falhas: 0 ===
