#------------------------------------------------------------------------------
# irace: An implementation in R of (Elitist) Iterated Racing
# Version: 4.3.c5b213a
# Copyright (C) 2010-2025
# Manuel Lopez-Ibanez     <manuel.lopez-ibanez@manchester.ac.uk>
# Jeremie Dubois-Lacoste
# Leslie Perez Caceres    <leslie.perez.caceres@ulb.ac.be>
#
# This is free software, and you are welcome to redistribute it under certain
# conditions.  See the GNU General Public License for details. There is NO
# WARRANTY; not even for MERCHANTABILITY or FITNESS FOR A PARTICULAR PURPOSE.
#
# irace builds upon previous code from the race package:
#     race: Racing methods for the selection of the best
#     Copyright (C) 2003 Mauro Birattari
#------------------------------------------------------------------------------
# installed at: /Library/Frameworks/R.framework/Versions/4.5-arm64/Resources/library/irace
# called with: --scenario scenario.txt
# 2026-05-21 20:33:11 -03: Reading parameter file '/Users/mateuspedrosa/Documents/TCC-II/BRKGA/tuning/parameters.txt'.
# 2026-05-21 20:33:11 -03: Initialization
# Elitist race
# Elitist new instances: 1
# Elitist limit: 2
# nbIterations: 5
# minNbSurvival: 5
# nbParameters: 8
# seed: 123
# confidence level: 0.95
# budget: 300
# mu: 5
# deterministic: FALSE

# 2026-05-21 20:33:11 -03: Iteration 1 of 5
# experimentsUsed: 0
# remainingBudget: 300
# currentBudget: 60
# nbConfigurations: 10
# Markers:
     x No test is performed.
     c Configurations are discarded only due to capping.
     - The test is performed and some configurations are discarded.
     = The test is performed but no configuration is discarded.
     ! The test is performed and configurations could be discarded but elite configurations are preserved.
     . All alive configurations are elite and nothing is discarded.

+-+-----------+-----------+-----------+----------------+-----------+--------+-----+----+------+
| |   Instance|      Alive|       Best|       Mean best| Exp so far|  W time|  rho|KenW|  Qvar|
+-+-----------+-----------+-----------+----------------+-----------+--------+-----+----+------+
|x|          1|         10|          6|     19.90700000|         10|00:45:19|   NA|  NA|    NA|
|x|          2|         10|          6|     22.65600000|         20|00:30:02|+0.16|0.58|0.5605|
|x|          3|         10|          6|     18.81433333|         30|00:10:48|+0.31|0.54|0.5510|
|x|          4|         10|          4|     69.50200000|         40|01:16:29|+0.13|0.35|0.8116|
|=|          5|         10|          5|     66.17280000|         50|00:45:56|+0.20|0.36|0.7336|
|-|          6|          7|          6|     58.67483333|         60|00:07:12|+0.05|0.21|0.7959|
+-+-----------+-----------+-----------+----------------+-----------+--------+-----+----+------+
Best configuration for the instances in this race: 6
Best-so-far configuration:          10    mean value:      58.50833333
Description of the best-so-far configuration:
   .ID.   p     pe     pm   rhoe X_INTVL X_NUMBER MAX_GENS MAX_STAGT .PARENT.
10   10 400 0.1271 0.0763 0.8521     110        6     2251       170       NA

# 2026-05-22 00:09:00 -03: Elite configurations (first number is the configuration ID; listed from best to worst according to the sum of ranks):
     p     pe     pm   rhoe X_INTVL X_NUMBER MAX_GENS MAX_STAGT
10 400 0.1271 0.0763 0.8521     110        6     2251       170
6  290 0.0615 0.1232 0.6833     192        7     2545       292
4   71 0.1052 0.2169 0.8708     128        2     1957       536
5  115 0.2365 0.2482 0.8333     141        3     4895      1268
2  159 0.3677 0.1544 0.6458     103        4     3132      1024
# 2026-05-22 00:09:00 -03: Iteration 2 of 5
# experimentsUsed: 60
# remainingBudget: 240
# currentBudget: 60
# nbConfigurations: 12
# Markers:
     x No test is performed.
     c Configurations are discarded only due to capping.
     - The test is performed and some configurations are discarded.
     = The test is performed but no configuration is discarded.
     ! The test is performed and configurations could be discarded but elite configurations are preserved.
     . All alive configurations are elite and nothing is discarded.

+-+-----------+-----------+-----------+----------------+-----------+--------+-----+----+------+
| |   Instance|      Alive|       Best|       Mean best| Exp so far|  W time|  rho|KenW|  Qvar|
+-+-----------+-----------+-----------+----------------+-----------+--------+-----+----+------+
|x|          7|         12|          4|     158.9040000|         12|00:46:17|   NA|  NA|    NA|
|x|          3|         12|          4|     84.97600000|         19|00:07:06|+0.35|0.67|0.5835|
|x|          4|         12|          4|     130.0296667|         26|00:53:57|+0.33|0.55|0.6975|
|x|          2|         12|          4|     104.0545000|         33|00:17:37|+0.02|0.27|0.9383|
|=|          5|         12|         15|     93.82760000|         40|00:30:38|+0.08|0.26|0.9134|
|-|          6|         10|         15|     81.69833333|         47|00:05:02|+0.00|0.17|0.9762|
|=|          1|         10|         15|     73.01314286|         52|00:30:10|-0.00|0.14|0.9755|
+-+-----------+-----------+-----------+----------------+-----------+--------+-----+----+------+
Best-so-far configuration:          15    mean value:      73.01314286
Description of the best-so-far configuration:
   .ID.  p     pe     pm   rhoe X_INTVL X_NUMBER MAX_GENS MAX_STAGT .PARENT.
15   15 68 0.2182 0.2044 0.8491     144        4     4700       868        5

# 2026-05-22 03:19:51 -03: Elite configurations (first number is the configuration ID; listed from best to worst according to the sum of ranks):
     p     pe     pm   rhoe X_INTVL X_NUMBER MAX_GENS MAX_STAGT
15  68 0.2182 0.2044 0.8491     144        4     4700       868
4   71 0.1052 0.2169 0.8708     128        2     1957       536
17 309 0.2754 0.1591 0.8550     117        4     3645       352
10 400 0.1271 0.0763 0.8521     110        6     2251       170
6  290 0.0615 0.1232 0.6833     192        7     2545       292
# 2026-05-22 03:19:51 -03: Iteration 3 of 5
# experimentsUsed: 112
# remainingBudget: 188
# currentBudget: 62
# nbConfigurations: 12
# Markers:
     x No test is performed.
     c Configurations are discarded only due to capping.
     - The test is performed and some configurations are discarded.
     = The test is performed but no configuration is discarded.
     ! The test is performed and configurations could be discarded but elite configurations are preserved.
     . All alive configurations are elite and nothing is discarded.

+-+-----------+-----------+-----------+----------------+-----------+--------+-----+----+------+
| |   Instance|      Alive|       Best|       Mean best| Exp so far|  W time|  rho|KenW|  Qvar|
+-+-----------+-----------+-----------+----------------+-----------+--------+-----+----+------+
|x|          8|         12|         19|     105.1210000|         12|00:12:56|   NA|  NA|    NA|
|x|          1|         12|          4|     62.91750000|         19|00:30:04|+0.58|0.79|0.8488|
|x|          5|         12|         15|     59.65700000|         26|00:30:29|-0.13|0.25|1.0016|
|x|          3|         12|         18|     47.69550000|         33|00:04:02|+0.12|0.34|0.8737|
|=|          4|         12|         19|     81.92720000|         40|00:47:51|+0.16|0.33|0.8833|
|-|          7|          9|         15|     94.83716667|         47|00:30:44|+0.10|0.25|0.9285|
|=|          2|          9|         24|     85.02542857|         51|00:06:37|+0.03|0.17|0.9770|
|=|          6|          9|         18|     77.06425000|         55|00:00:57|+0.11|0.22|0.9062|
+-+-----------+-----------+-----------+----------------+-----------+--------+-----+----+------+
Best-so-far configuration:          18    mean value:      77.06425000
Description of the best-so-far configuration:
   .ID.   p     pe     pm  rhoe X_INTVL X_NUMBER MAX_GENS MAX_STAGT .PARENT.
18   18 234 0.0996 0.1841 0.896     153        3      759       156        4

# 2026-05-22 06:03:36 -03: Elite configurations (first number is the configuration ID; listed from best to worst according to the sum of ranks):
     p     pe     pm   rhoe X_INTVL X_NUMBER MAX_GENS MAX_STAGT
18 234 0.0996 0.1841 0.8960     153        3      759       156
24  57 0.3274 0.1886 0.8066     145        3     2879      1321
4   71 0.1052 0.2169 0.8708     128        2     1957       536
19 253 0.0656 0.0853 0.8328     126        4     1422       153
15  68 0.2182 0.2044 0.8491     144        4     4700       868
# 2026-05-22 06:03:36 -03: Iteration 4 of 5
# experimentsUsed: 167
# remainingBudget: 133
# currentBudget: 66
# nbConfigurations: 11
# Markers:
     x No test is performed.
     c Configurations are discarded only due to capping.
     - The test is performed and some configurations are discarded.
     = The test is performed but no configuration is discarded.
     ! The test is performed and configurations could be discarded but elite configurations are preserved.
     . All alive configurations are elite and nothing is discarded.

+-+-----------+-----------+-----------+----------------+-----------+--------+-----+----+------+
| |   Instance|      Alive|       Best|       Mean best| Exp so far|  W time|  rho|KenW|  Qvar|
+-+-----------+-----------+-----------+----------------+-----------+--------+-----+----+------+
|x|          9|         11|         18|     426.3830000|         11|00:35:10|   NA|  NA|    NA|
|x|          7|         11|          4|     292.6495000|         17|00:30:30|+0.26|0.63|0.7868|
|x|          8|         11|          4|     230.1466667|         23|00:14:35|+0.39|0.60|0.5581|
|x|          3|         11|          4|     175.3720000|         29|00:06:21|+0.53|0.65|0.4219|
|-|          2|          7|          4|     145.5234000|         35|00:18:10|+0.10|0.28|0.9201|
|=|          5|          7|          4|     130.4203333|         37|00:15:17|-0.05|0.12|0.9869|
|=|          4|          7|          4|     143.2370000|         39|00:25:53|-0.12|0.04|0.9770|
|=|          1|          7|          4|     127.9191250|         41|00:12:36|-0.06|0.07|0.9222|
|=|          6|          7|         18|     115.8774444|         43|00:00:41|+0.00|0.11|0.8641|
|=|         10|          7|         18|     158.4517000|         50|00:24:23|+0.06|0.15|0.8146|
+-+-----------+-----------+-----------+----------------+-----------+--------+-----+----+------+
Best-so-far configuration:          18    mean value:      158.4517000
Description of the best-so-far configuration:
   .ID.   p     pe     pm  rhoe X_INTVL X_NUMBER MAX_GENS MAX_STAGT .PARENT.
18   18 234 0.0996 0.1841 0.896     153        3      759       156        4

# 2026-05-22 09:07:18 -03: Elite configurations (first number is the configuration ID; listed from best to worst according to the sum of ranks):
     p     pe     pm   rhoe X_INTVL X_NUMBER MAX_GENS MAX_STAGT
18 234 0.0996 0.1841 0.8960     153        3      759       156
29  96 0.0888 0.2835 0.8561     154        1     3354       401
4   71 0.1052 0.2169 0.8708     128        2     1957       536
19 253 0.0656 0.0853 0.8328     126        4     1422       153
25 280 0.1006 0.1853 0.8045     103        5     1358       187
# 2026-05-22 09:07:18 -03: Iteration 5 of 5
# experimentsUsed: 217
# remainingBudget: 83
# currentBudget: 83
# nbConfigurations: 12
# Markers:
     x No test is performed.
     c Configurations are discarded only due to capping.
     - The test is performed and some configurations are discarded.
     = The test is performed but no configuration is discarded.
     ! The test is performed and configurations could be discarded but elite configurations are preserved.
     . All alive configurations are elite and nothing is discarded.

+-+-----------+-----------+-----------+----------------+-----------+--------+-----+----+------+
| |   Instance|      Alive|       Best|       Mean best| Exp so far|  W time|  rho|KenW|  Qvar|
+-+-----------+-----------+-----------+----------------+-----------+--------+-----+----+------+
|x|         11|         12|         35|     444.2640000|         12|01:48:04|   NA|  NA|    NA|
|x|          9|         12|         32|     436.2275000|         19|00:19:33|+0.08|0.54|0.8175|
|x|          3|         12|         32|     294.4983333|         26|00:03:22|+0.39|0.60|0.5482|
|x|          1|         12|         32|     226.0137500|         33|00:28:07|+0.54|0.66|0.4970|
|-|          2|          9|         32|     186.0254000|         40|00:08:28|+0.18|0.34|0.8995|
|-|         10|          7|         32|     245.2515000|         44|00:12:59|+0.41|0.51|0.7012|
|=|          4|          7|         32|     241.6438571|         46|00:20:41|+0.16|0.28|0.8050|
|!|          5|          7|         34|     219.0412500|         48|00:15:02|+0.16|0.26|0.8117|
|!|          6|          7|         34|     197.0375556|         50|00:00:16|+0.22|0.31|0.7568|
|!|          7|          7|         34|     193.1827000|         52|00:15:02|+0.26|0.33|0.7074|
|-|          8|          2|         34|     185.1686364|         54|00:01:37|+0.64|0.67|0.1818|
+-+-----------+-----------+-----------+----------------+-----------+--------+-----+----+------+
Best-so-far configuration:          34    mean value:      185.1686364
Description of the best-so-far configuration:
   .ID.   p    pe     pm   rhoe X_INTVL X_NUMBER MAX_GENS MAX_STAGT .PARENT.
34   34 121 0.153 0.2638 0.8288     155        1     1650        85       29

# 2026-05-22 13:00:36 -03: Elite configurations (first number is the configuration ID; listed from best to worst according to the sum of ranks):
     p     pe     pm   rhoe X_INTVL X_NUMBER MAX_GENS MAX_STAGT
34 121 0.1530 0.2638 0.8288     155        1     1650        85
32  55 0.0717 0.2576 0.8496     151        1     4118       382
# 2026-05-22 13:00:36 -03: Stopped because there is not enough budget left to race more than the minimum (5).
# You may either increase the budget or set 'minNbSurvival' to a lower value.
# Iteration: 6
# nbIterations: 6
# experimentsUsed: 271
# timeUsed: 0
# remainingBudget: 29
# currentBudget: 29
# number of elites: 2
# nbConfigurations: 4
# Total CPU user time: 182746.7, CPU sys time: 147.248, Wall-clock time: 59244.91
# 2026-05-22 13:00:36 -03: Starting post-selection:
# Configurations selected: 34, 32, 18, 29, 4, 19, 25, 24, 15, 17, 10, 6, 5.
# Pending instances: 1, 1, 1, 1, 1, 1, 1, 2, 2, 4, 4, 4, 5.
# 2026-05-22 13:00:36 -03: seed: 123
# Configurations: 13
# Available experiments: 29
# minSurvival: 1
# Markers:
     x No test is performed.
     c Configurations are discarded only due to capping.
     - The test is performed and some configurations are discarded.
     = The test is performed but no configuration is discarded.
     ! The test is performed and configurations could be discarded but elite configurations are preserved.
     . All alive configurations are elite and nothing is discarded.

+-+-----------+-----------+-----------+----------------+-----------+--------+-----+----+------+
| |   Instance|      Alive|       Best|       Mean best| Exp so far|  W time|  rho|KenW|  Qvar|
+-+-----------+-----------+-----------+----------------+-----------+--------+-----+----+------+
|.|          5|         13|         17|     51.91700000|          0|00:00:00|   NA|  NA|    NA|
|.|          4|         13|         17|     136.2355000|          0|00:00:00|-0.50|0.25|1.2958|
|.|          2|         13|         17|     99.26766667|          0|00:00:00|-0.23|0.18|0.9902|
|.|          1|         13|         17|     79.67775000|          0|00:00:00|-0.20|0.10|1.0391|
|x|         10|         13|         34|     172.1074000|          4|00:15:09|-0.11|0.11|1.0373|
|x|          8|         13|         34|     160.9275000|          5|00:05:06|-0.01|0.16|0.9741|
|.|          7|         13|         34|     160.5791429|          5|00:00:00|+0.06|0.19|0.8930|
|.|          6|         13|         34|     143.1327500|          5|00:00:00|+0.14|0.25|0.8447|
|x|          9|         13|         34|     174.5745556|          9|00:15:05|+0.21|0.30|0.7946|
|.|          3|         13|         34|     158.2188000|          9|00:00:00|+0.27|0.34|0.7470|
|-|         11|          5|         34|     185.1686364|         15|01:06:45|+0.39|0.44|0.5480|
|-|         12|          2|         34|     206.3500833|         20|00:39:33|+0.39|0.44|0.3030|
|=|         13|          2|         34|     214.1805385|         22|00:05:22|+0.44|0.48|0.2821|
|=|         14|          2|         34|     208.1697143|         24|00:01:03|+0.47|0.51|0.2637|
|=|         15|          2|         34|     195.2918667|         26|00:00:04|+0.31|0.36|0.3429|
|=|         16|          2|         34|     185.2135000|         28|00:01:03|+0.35|0.39|0.3250|
+-+-----------+-----------+-----------+----------------+-----------+--------+-----+----+------+
Best-so-far configuration:          34    mean value:      185.2135000
Description of the best-so-far configuration:
   .ID.   p    pe     pm   rhoe X_INTVL X_NUMBER MAX_GENS MAX_STAGT .PARENT.
34   34 121 0.153 0.2638 0.8288     155        1     1650        85       29

# 2026-05-22 15:29:50 -03: Elite configurations (first number is the configuration ID; listed from best to worst according to the sum of ranks):
     p     pe     pm   rhoe X_INTVL X_NUMBER MAX_GENS MAX_STAGT
34 121 0.1530 0.2638 0.8288     155        1     1650        85
32  55 0.0717 0.2576 0.8496     151        1     4118       382
# Total CPU user time: 209881.1, CPU sys time: 171.82, Wall-clock time: 68198.89
# Best configurations (first number is the configuration ID; listed from best to worst according to the sum of ranks):
     p     pe     pm   rhoe X_INTVL X_NUMBER MAX_GENS MAX_STAGT
34 121 0.1530 0.2638 0.8288     155        1     1650        85
32  55 0.0717 0.2576 0.8496     151        1     4118       382
# Best configurations as commandlines (first number is the configuration ID; listed from best to worst according to the sum of ranks):
34 --p 121 --pe 0.153 --pm 0.2638 --rhoe 0.8288 --X_INTVL 155 --X_NUMBER 1 --MAX_GENS 1650 --MAX_STAGT 85
32 --p 55 --pe 0.0717 --pm 0.2576 --rhoe 0.8496 --X_INTVL 151 --X_NUMBER 1 --MAX_GENS 4118 --MAX_STAGT 382


# Testing of elite configurations: 1 
# Testing iteration configurations: FALSE 
# 2026-05-22 15:29:50 -03: No test instances, skip testing
