[2026-05-27 18:49:12] === Início do lote (73 grafos) ===
[2026-05-27 18:49:12] [1/73] Iniciando: C1000-9_clean.mtx
1053
[2026-05-27 19:04:19] ✓ Sucesso: C1000-9_clean.mtx — apagando arquivo
[2026-05-27 19:04:19] [2/73] Iniciando: C125-9_clean.mtx
132
[2026-05-27 19:19:19] ✓ Sucesso: C125-9_clean.mtx — apagando arquivo
[2026-05-27 19:19:19] [3/73] Iniciando: C2000-5_clean.mtx
1999
[2026-05-27 19:34:34] ✓ Sucesso: C2000-5_clean.mtx — apagando arquivo
[2026-05-27 19:34:34] [4/73] Iniciando: C2000-9_clean.mtx
2059
[2026-05-27 19:50:31] ✓ Sucesso: C2000-9_clean.mtx — apagando arquivo
[2026-05-27 19:50:31] [5/73] Iniciando: C250-9_clean.mtx
286
[2026-05-27 20:05:31] ✓ Sucesso: C250-9_clean.mtx — apagando arquivo
[2026-05-27 20:05:31] [6/73] Iniciando: C4000-5_clean.mtx
3999
[2026-05-27 20:22:54] ✓ Sucesso: C4000-5_clean.mtx — apagando arquivo
[2026-05-27 20:22:54] [7/73] Iniciando: C500-9_clean.mtx
545
[2026-05-27 20:37:54] ✓ Sucesso: C500-9_clean.mtx — apagando arquivo
[2026-05-27 20:37:54] [8/73] Iniciando: MANN-a27_clean.mtx
717
[2026-05-27 20:52:54] ✓ Sucesso: MANN-a27_clean.mtx — apagando arquivo
[2026-05-27 20:52:54] [9/73] Iniciando: MANN-a45_clean.mtx
2029
[2026-05-27 21:07:57] ✓ Sucesso: MANN-a45_clean.mtx — apagando arquivo
[2026-05-27 21:07:57] [10/73] Iniciando: MANN-a9_clean.mtx
48
[2026-05-27 21:08:50] ✓ Sucesso: MANN-a9_clean.mtx — apagando arquivo
[2026-05-27 21:08:50] [11/73] Iniciando: brock200-1_clean.mtx
199
[2026-05-27 21:23:50] ✓ Sucesso: brock200-1_clean.mtx — apagando arquivo
[2026-05-27 21:23:50] [12/73] Iniciando: brock200-2_clean.mtx
199
[2026-05-27 21:38:50] ✓ Sucesso: brock200-2_clean.mtx — apagando arquivo
[2026-05-27 21:38:50] [13/73] Iniciando: brock200-3_clean.mtx
199
[2026-05-27 21:53:50] ✓ Sucesso: brock200-3_clean.mtx — apagando arquivo
[2026-05-27 21:53:50] [14/73] Iniciando: brock200-4_clean.mtx
199
[2026-05-27 22:08:50] ✓ Sucesso: brock200-4_clean.mtx — apagando arquivo
[2026-05-27 22:08:50] [15/73] Iniciando: brock400-1_clean.mtx
401
[2026-05-27 22:23:50] ✓ Sucesso: brock400-1_clean.mtx — apagando arquivo
[2026-05-27 22:23:50] [16/73] Iniciando: brock400-2_clean.mtx
399
[2026-05-27 22:38:50] ✓ Sucesso: brock400-2_clean.mtx — apagando arquivo
[2026-05-27 22:38:50] [17/73] Iniciando: brock400-3_clean.mtx
400
[2026-05-27 22:53:50] ✓ Sucesso: brock400-3_clean.mtx — apagando arquivo
[2026-05-27 22:53:50] [18/73] Iniciando: brock400-4_clean.mtx
400
[2026-05-27 23:08:50] ✓ Sucesso: brock400-4_clean.mtx — apagando arquivo
[2026-05-27 23:08:50] [19/73] Iniciando: brock800-1_clean.mtx
799
[2026-05-27 23:23:51] ✓ Sucesso: brock800-1_clean.mtx — apagando arquivo
[2026-05-27 23:23:51] [20/73] Iniciando: brock800-2_clean.mtx
799
[2026-05-27 23:38:52] ✓ Sucesso: brock800-2_clean.mtx — apagando arquivo
[2026-05-27 23:38:52] [21/73] Iniciando: brock800-3_clean.mtx
799
[2026-05-27 23:53:54] ✓ Sucesso: brock800-3_clean.mtx — apagando arquivo
[2026-05-27 23:53:54] [22/73] Iniciando: brock800-4_clean.mtx
799
[2026-05-28 00:08:55] ✓ Sucesso: brock800-4_clean.mtx — apagando arquivo
[2026-05-28 00:08:55] [23/73] Iniciando: c-fat200-1_clean.mtx
28
[2026-05-28 00:11:05] ✓ Sucesso: c-fat200-1_clean.mtx — apagando arquivo
[2026-05-28 00:11:05] [24/73] Iniciando: c-fat200-2_clean.mtx
55
[2026-05-28 00:16:46] ✓ Sucesso: c-fat200-2_clean.mtx — apagando arquivo
[2026-05-28 00:16:46] [25/73] Iniciando: c-fat200-5_clean.mtx
146
[2026-05-28 00:31:46] ✓ Sucesso: c-fat200-5_clean.mtx — apagando arquivo
[2026-05-28 00:31:46] [26/73] Iniciando: c-fat500-10_clean.mtx
332
[2026-05-28 00:46:46] ✓ Sucesso: c-fat500-10_clean.mtx — apagando arquivo
[2026-05-28 00:46:46] [27/73] Iniciando: c-fat500-1_clean.mtx
36
[2026-05-28 00:51:18] ✓ Sucesso: c-fat500-1_clean.mtx — apagando arquivo
[2026-05-28 00:51:18] [28/73] Iniciando: c-fat500-2_clean.mtx
68
[2026-05-28 01:06:18] ✓ Sucesso: c-fat500-2_clean.mtx — apagando arquivo
[2026-05-28 01:06:18] [29/73] Iniciando: c-fat500-5_clean.mtx
170
[2026-05-28 01:21:18] ✓ Sucesso: c-fat500-5_clean.mtx — apagando arquivo
[2026-05-28 01:21:18] [30/73] Iniciando: gen200-p0-9-44_clean.mtx
230
[2026-05-28 01:36:18] ✓ Sucesso: gen200-p0-9-44_clean.mtx — apagando arquivo
[2026-05-28 01:36:18] [31/73] Iniciando: gen200-p0-9-55_clean.mtx
232
[2026-05-28 01:51:18] ✓ Sucesso: gen200-p0-9-55_clean.mtx — apagando arquivo
[2026-05-28 01:51:18] [32/73] Iniciando: gen400-p0-9-55_clean.mtx
446
[2026-05-28 02:06:18] ✓ Sucesso: gen400-p0-9-55_clean.mtx — apagando arquivo
[2026-05-28 02:06:18] [33/73] Iniciando: gen400-p0-9-65_clean.mtx
447
[2026-05-28 02:21:18] ✓ Sucesso: gen400-p0-9-65_clean.mtx — apagando arquivo
[2026-05-28 02:21:18] [34/73] Iniciando: gen400-p0-9-75_clean.mtx
454
[2026-05-28 02:36:18] ✓ Sucesso: gen400-p0-9-75_clean.mtx — apagando arquivo
[2026-05-28 02:36:18] [35/73] Iniciando: hamming10-2_clean.mtx
1953
[2026-05-28 02:51:24] ✓ Sucesso: hamming10-2_clean.mtx — apagando arquivo
[2026-05-28 02:51:24] [36/73] Iniciando: hamming10-4_clean.mtx
1125
[2026-05-28 03:06:27] ✓ Sucesso: hamming10-4_clean.mtx — apagando arquivo
[2026-05-28 03:06:27] [37/73] Iniciando: hamming6-2_clean.mtx
65
[2026-05-28 03:08:55] ✓ Sucesso: hamming6-2_clean.mtx — apagando arquivo
[2026-05-28 03:08:55] [38/73] Iniciando: hamming6-4_clean.mtx
63
[2026-05-28 03:09:10] ✓ Sucesso: hamming6-4_clean.mtx — apagando arquivo
[2026-05-28 03:09:10] [39/73] Iniciando: hamming8-2_clean.mtx
426
[2026-05-28 03:24:10] ✓ Sucesso: hamming8-2_clean.mtx — apagando arquivo
[2026-05-28 03:24:10] [40/73] Iniciando: hamming8-4_clean.mtx
255
[2026-05-28 03:39:10] ✓ Sucesso: hamming8-4_clean.mtx — apagando arquivo
[2026-05-28 03:39:10] [41/73] Iniciando: johnson16-2-4_clean.mtx
119
[2026-05-28 03:54:10] ✓ Sucesso: johnson16-2-4_clean.mtx — apagando arquivo
[2026-05-28 03:54:10] [42/73] Iniciando: johnson32-2-4_clean.mtx
536
[2026-05-28 04:09:11] ✓ Sucesso: johnson32-2-4_clean.mtx — apagando arquivo
[2026-05-28 04:09:11] [43/73] Iniciando: johnson8-2-4_clean.mtx
27
[2026-05-28 04:09:14] ✓ Sucesso: johnson8-2-4_clean.mtx — apagando arquivo
[2026-05-28 04:09:14] [44/73] Iniciando: johnson8-4-4_clean.mtx
69
[2026-05-28 04:10:25] ✓ Sucesso: johnson8-4-4_clean.mtx — apagando arquivo
[2026-05-28 04:10:25] [45/73] Iniciando: keller4_clean.mtx
170
[2026-05-28 04:25:25] ✓ Sucesso: keller4_clean.mtx — apagando arquivo
[2026-05-28 04:25:25] [46/73] Iniciando: keller5_clean.mtx
780
[2026-05-28 04:40:27] ✓ Sucesso: keller5_clean.mtx — apagando arquivo
[2026-05-28 04:40:27] [47/73] Iniciando: keller6_clean.mtx
3388
[2026-05-28 04:56:46] ✓ Sucesso: keller6_clean.mtx — apagando arquivo
[2026-05-28 04:56:46] [48/73] Iniciando: p-hat1000-1_clean.mtx
999
[2026-05-28 05:11:47] ✓ Sucesso: p-hat1000-1_clean.mtx — apagando arquivo
[2026-05-28 05:11:47] [49/73] Iniciando: p-hat1000-2_clean.mtx
999
[2026-05-28 05:26:49] ✓ Sucesso: p-hat1000-2_clean.mtx — apagando arquivo
[2026-05-28 05:26:49] [50/73] Iniciando: p-hat1500-1_clean.mtx
1499
[2026-05-28 05:41:49] ✓ Sucesso: p-hat1500-1_clean.mtx — apagando arquivo
[2026-05-28 05:41:49] [51/73] Iniciando: p-hat1500-2_clean.mtx
1499
[2026-05-28 05:56:59] ✓ Sucesso: p-hat1500-2_clean.mtx — apagando arquivo
[2026-05-28 05:56:59] [52/73] Iniciando: p-hat1500-3_clean.mtx
1505
[2026-05-28 06:12:16] ✓ Sucesso: p-hat1500-3_clean.mtx — apagando arquivo
[2026-05-28 06:12:16] [53/73] Iniciando: p-hat300-3_clean.mtx
300
[2026-05-28 06:27:16] ✓ Sucesso: p-hat300-3_clean.mtx — apagando arquivo
[2026-05-28 06:27:16] [54/73] Iniciando: p-hat500-2_clean.mtx
499
[2026-05-28 06:42:17] ✓ Sucesso: p-hat500-2_clean.mtx — apagando arquivo
[2026-05-28 06:42:17] [55/73] Iniciando: p-hat500-3_clean.mtx
504
[2026-05-28 06:57:17] ✓ Sucesso: p-hat500-3_clean.mtx — apagando arquivo
[2026-05-28 06:57:17] [56/73] Iniciando: p-hat700-1_clean.mtx
699
[2026-05-28 07:12:17] ✓ Sucesso: p-hat700-1_clean.mtx — apagando arquivo
[2026-05-28 07:12:17] [57/73] Iniciando: p-hat700-2_clean.mtx
699
[2026-05-28 07:27:18] ✓ Sucesso: p-hat700-2_clean.mtx — apagando arquivo
[2026-05-28 07:27:18] [58/73] Iniciando: p-hat700-3_clean.mtx
706
[2026-05-28 07:42:18] ✓ Sucesso: p-hat700-3_clean.mtx — apagando arquivo
[2026-05-28 07:42:18] [59/73] Iniciando: san1000_clean.mtx
999
[2026-05-28 07:57:19] ✓ Sucesso: san1000_clean.mtx — apagando arquivo
[2026-05-28 07:57:19] [60/73] Iniciando: san200-0-7-1_clean.mtx
199
[2026-05-28 08:12:19] ✓ Sucesso: san200-0-7-1_clean.mtx — apagando arquivo
[2026-05-28 08:12:19] [61/73] Iniciando: san200-0-7-2_clean.mtx
219
[2026-05-28 08:27:19] ✓ Sucesso: san200-0-7-2_clean.mtx — apagando arquivo
[2026-05-28 08:27:19] [62/73] Iniciando: san200-0-9-1_clean.mtx
243
[2026-05-28 08:42:19] ✓ Sucesso: san200-0-9-1_clean.mtx — apagando arquivo
[2026-05-28 08:42:19] [63/73] Iniciando: san200-0-9-2_clean.mtx
232
[2026-05-28 08:57:19] ✓ Sucesso: san200-0-9-2_clean.mtx — apagando arquivo
[2026-05-28 08:57:19] [64/73] Iniciando: san200-0-9-3_clean.mtx
230
[2026-05-28 09:12:19] ✓ Sucesso: san200-0-9-3_clean.mtx — apagando arquivo
[2026-05-28 09:12:19] [65/73] Iniciando: san400-0-5-1_clean.mtx
399
[2026-05-28 09:27:20] ✓ Sucesso: san400-0-5-1_clean.mtx — apagando arquivo
[2026-05-28 09:27:20] [66/73] Iniciando: san400-0-7-1_clean.mtx
399
[2026-05-28 09:42:20] ✓ Sucesso: san400-0-7-1_clean.mtx — apagando arquivo
[2026-05-28 09:42:20] [67/73] Iniciando: san400-0-7-2_clean.mtx
399
[2026-05-28 09:57:20] ✓ Sucesso: san400-0-7-2_clean.mtx — apagando arquivo
[2026-05-28 09:57:20] [68/73] Iniciando: san400-0-7-3_clean.mtx
401
[2026-05-28 10:12:20] ✓ Sucesso: san400-0-7-3_clean.mtx — apagando arquivo
[2026-05-28 10:12:20] [69/73] Iniciando: san400-0-9-1_clean.mtx
458
[2026-05-28 10:27:20] ✓ Sucesso: san400-0-9-1_clean.mtx — apagando arquivo
[2026-05-28 10:27:20] [70/73] Iniciando: sanr200-0-7_clean.mtx
199
[2026-05-28 10:42:20] ✓ Sucesso: sanr200-0-7_clean.mtx — apagando arquivo
[2026-05-28 10:42:20] [71/73] Iniciando: sanr200-0-9_clean.mtx
227
[2026-05-28 10:57:21] ✓ Sucesso: sanr200-0-9_clean.mtx — apagando arquivo
[2026-05-28 10:57:21] [72/73] Iniciando: sanr400-0-5_clean.mtx
399
[2026-05-28 11:12:21] ✓ Sucesso: sanr400-0-5_clean.mtx — apagando arquivo
[2026-05-28 11:12:21] [73/73] Iniciando: sanr400-0-7_clean.mtx
399
[2026-05-28 11:27:21] ✓ Sucesso: sanr400-0-7_clean.mtx — apagando arquivo
[2026-05-28 11:27:21] === Fim do lote — sucesso: 73 | falhas: 0 ===
